<!DOCTYPE html>
<html lang="en">
  <head>
    <title>Jade</title>
  </head>
  <body><div class="blog-post"><h1>Hello World!</h1>
<p>This is a test.</p>
</div></body>
</html>