<h1>Twig Title!</h1>
<div class="included">This is included.html</div>
