<!DOCTYPE html>
<html lang="en">
  <head>
    <title>Goodbye World!</title>
  </head>
  <body>
    <h1>Goodbye World!</h1>
  </body>
</html>