<!DOCTYPE html>
<html lang="en">
  <head>
    <title>Goodbye World</title>
    <script type="text/javascript">
      if (foo) {
         bar(1 + 5)
      }
    </script>
  </head>
  <body>
    <h1>Goodbye World!</h1>
  </body>
</html>