<!DOCTYPE html>
<html lang="en">
  <head>
    <title>Hello World</title>
    <script type="text/javascript">
      if (foo) {
         bar(1 + 5)
      }
    </script>
  </head>
  <body>
    <h1>Pug</h1>
    <div class="col" id="container">
      <p>You are amazing</p>
      <p>
        Pug is a terse and simple
        templating language with a
        strong focus on performance
        and powerful features.
      </p>
      <p>This file is included.</p>
    </div>
  </body>
</html>