<!DOCTYPE html>
<html>
  <body>This is my site using Pug!
</body>
</html>